// Jest Snapshot v1, https://goo.gl/fbAQLP

exports[`greet shuld return 'Hellow World' 1`] = `"Hellow World"`;
